// Jest Snapshot v1, https://goo.gl/fbAQLP

exports[`Card Component renders correctly enzyme 1`] = `
<View
  style={
    Object {
      "backgroundColor": "white",
      "borderRadius": 10,
      "padding": 20,
    }
  }
/>
`;
