// Jest Snapshot v1, https://goo.gl/fbAQLP

exports[`Header Component renders correctly enzyme 1`] = `
<View
  style={
    Object {
      "alignItems": "center",
      "backgroundColor": "#3b5998",
      "borderBottomColor": "black",
      "borderBottomWidth": 1,
      "flexDirection": "row",
      "height": 100,
      "justifyContent": "center",
      "paddingBottom": 20,
      "paddingTop": 50,
      "width": "100%",
    }
  }
>
  <Text
    allowFontScaling={false}
    style={
      Object {
        "color": "white",
        "fontSize": 20,
        "fontWeight": "600",
      }
    }
  >
    sampleTitle
  </Text>
</View>
`;
